Microchip MPLAB XC8 Compiler V2.36

Linker command line:

-W-3 --edf=D:\Program Files\Microchip\xc8\v2.36\pic\dat\en_msgs.txt -cn \
  -h+dist/default/production\TimerXadrez.X.production.sym \
  --cmf=dist/default/production\TimerXadrez.X.production.cmf -z -Q18F4520 \
  -oC:\Users\joaoh\AppData\Local\Temp\xcAsh2c.4 --defsym=__MPLAB_BUILD=1 \
  -Mdist/default/production/TimerXadrez.X.production.map \
  --md=C:\Users\joaoh\AppData\Local\Temp\xcAsh2c.dat -E1 -ver=XC8 Compiler \
  --acfsm=1493 -ACODE=00h-06FFFh -ACONST=00h-06FFFh \
  -ASMALLCONST=0600h-06FFhx106 -AMEDIUMCONST=0600h-06FFFh -ACOMRAM=01h-07Fh \
  -AABS1=00h-05FFh -ABIGRAM=01h-05FFh -ARAM=080h-0FFh,0100h-01FFhx5 \
  -ABANK0=080h-0FFh -ABANK1=0100h-01FFh -ABANK2=0200h-02FFh \
  -ABANK3=0300h-03FFh -ABANK4=0400h-04FFh -ABANK5=0500h-05FFh \
  -ASFR=0F80h-0FFFh -ABIGSFR=0F80h-0FFFh -ACONFIG=0300000h-030000Dh \
  -AIDLOC=0200000h-0200007h -AEEDATA=0F00000h-0F000FFh -peeprom_data=EEDATA \
  -preset_vec=00h,intcode=08h,intcodelo,powerup,init -pramtop=0600h \
  -psmallconst=SMALLCONST -pmediumconst=MEDIUMCONST -pconst=CONST \
  -AFARRAM=00h-00h \
  -prdata=COMRAM,nvrram=COMRAM,nvbit=COMRAM,rbss=COMRAM,rbit=COMRAM \
  -pfarbss=FARRAM,fardata=FARRAM,nvFARRAM=FARRAM \
  -pintsave_regs=BIGRAM,bigbss=BIGRAM,bigdata=BIGRAM -pbss=RAM \
  -pidata=CODE,irdata=CODE,ibigdata=CODE,ifardata=CODE -prparam=COMRAM \
  C:\Users\joaoh\AppData\Local\Temp\xcAsh2c.o \
  dist/default/production\TimerXadrez.X.production.o 

Object code version is 3.11

Machine type is 18F4520



                Name                               Link     Load   Length Selector   Space Scale
C:\Users\joaoh\AppData\Local\Temp\xcAsh2c.o
                idloc                            200000   200000        8        0       5
                config                           300000   300000        E        0       4
                init                                  E        E        4        4       0
                reset_vec                             0        0        4        0       0
dist/default/production\TimerXadrez.X.production.o
                intcode                               8        8        6        4       0
                idloc                            200000   200000        8        0       5
                config                           300000   300000        E        0       4
                temp                                 7A       7A        1        1       1
                smallconst                          600      600       34      300       0
                text34                             189C     189C       66      31A       0
                text33                             1CE0     1CE0        E      31A       0
                text32                             1AD8     1AD8       5A      31A       0
                text31                             1A7E     1A7E       5A      31A       0
                text30                             1C26     1C26       26      31A       0
                text29                             1C6E     1C6E       22      31A       0
                text28                             16EC     16EC       74      31A       0
                text27                             1902     1902       64      31A       0
                text26                             10A6     10A6      1A0      31A       0
                text25                             1760     1760       70      31A       0
                text24                              8D0      8D0      24E      31A       0
                text23                             13C8     13C8       AC      31A       0
                text22                             1B84     1B84       4E      31A       0
                text21                             1506     1506       88      31A       0
                intcode_body                        B1E      B1E      23A      31A       0
                text19                             1CD2     1CD2        E      31A       0
                text18                             1BD2     1BD2       2E      31A       0
                text17                             1836     1836       66      31A       0
                text16                             1CC4     1CC4        E      31A       0
                text15                             1A22     1A22       5C      31A       0
                text14                             19C6     19C6       5C      31A       0
                text13                             1C4C     1C4C       22      31A       0
                text12                             1678     1678       74      31A       0
                text11                             1C90     1C90       20      31A       0
                text10                             1CB0     1CB0       14      31A       0
                text9                              1C00     1C00       26      31A       0
                text8                              158E     158E       76      31A       0
                text7                              17D0     17D0       66      31A       0
                text6                               F00      F00      1A6      31A       0
                text5                              1246     1246      182      31A       0
                text4                              1B32     1B32       52      31A       0
                text3                              1474     1474       92      31A       0
                text2                              1604     1604       74      31A       0
                text1                               634      634      29C      31A       0
                text0                               D58      D58      1A8      31A       0
                cstackCOMRAM                          1        1       5B        1       1
                cstackBANK0                          80       80       7C       80       1
                bssBANK1                            100      100       90      100       1
                dataBANK0                            FC       FC        2       80       1
                dataCOMRAM                           6D       6D        C        1       1
                bssCOMRAM                            5C       5C       11        1       1
                bitbssCOMRAM                        3C8       79        5        1       1     8
                cinit                              1966     1966       60      31A       0
                nvBANK0                              FE       FE        1       80       1
                idataBANK0                         1CFA     1CFA        2      31A       0
                idataCOMRAM                        1CEE     1CEE        C      31A       0

TOTAL           Name                               Link     Load   Length     Space
        CLASS   CODE           
                intcode                               8        8        6         0
                init                                  E        E        4         0
                reset_vec                             0        0        4         0
                text34                             189C     189C       66         0
                text33                             1CE0     1CE0        E         0
                text32                             1AD8     1AD8       5A         0
                text31                             1A7E     1A7E       5A         0
                text30                             1C26     1C26       26         0
                text29                             1C6E     1C6E       22         0
                text28                             16EC     16EC       74         0
                text27                             1902     1902       64         0
                text26                             10A6     10A6      1A0         0
                text25                             1760     1760       70         0
                text24                              8D0      8D0      24E         0
                text23                             13C8     13C8       AC         0
                text22                             1B84     1B84       4E         0
                text21                             1506     1506       88         0
                intcode_body                        B1E      B1E      23A         0
                text19                             1CD2     1CD2        E         0
                text18                             1BD2     1BD2       2E         0
                text17                             1836     1836       66         0
                text16                             1CC4     1CC4        E         0
                text15                             1A22     1A22       5C         0
                text14                             19C6     19C6       5C         0
                text13                             1C4C     1C4C       22         0
                text12                             1678     1678       74         0
                text11                             1C90     1C90       20         0
                text10                             1CB0     1CB0       14         0
                text9                              1C00     1C00       26         0
                text8                              158E     158E       76         0
                text7                              17D0     17D0       66         0
                text6                               F00      F00      1A6         0
                text5                              1246     1246      182         0
                text4                              1B32     1B32       52         0
                text3                              1474     1474       92         0
                text2                              1604     1604       74         0
                text1                               634      634      29C         0
                text0                               D58      D58      1A8         0
                cinit                              1966     1966       60         0
                idataBANK0                         1CFA     1CFA        2         0
                idataCOMRAM                        1CEE     1CEE        C         0

        CLASS   CONST          

        CLASS   SMALLCONST     
                smallconst                          600      600       34         0

        CLASS   MEDIUMCONST    

        CLASS   COMRAM         
                temp                                 7A       7A        1         1
                cstackCOMRAM                          1        1       5B         1
                dataCOMRAM                           6D       6D        C         1
                bssCOMRAM                            5C       5C       11         1
                bitbssCOMRAM                        3C8       79        5         1

        CLASS   ABS1           

        CLASS   BIGRAM         

        CLASS   RAM            

        CLASS   BANK0          
                cstackBANK0                          80       80       7C         1
                dataBANK0                            FC       FC        2         1
                nvBANK0                              FE       FE        1         1

        CLASS   BANK1          
                bssBANK1                            100      100       90         1

        CLASS   BANK2          

        CLASS   BANK3          

        CLASS   BANK4          

        CLASS   BANK5          

        CLASS   SFR            

        CLASS   BIGSFR         

        CLASS   CONFIG         
                config                           300000   300000        E         4

        CLASS   IDLOC          
                idloc                            200000   200000        8         5

        CLASS   EEDATA         

        CLASS   FARRAM         

        CLASS   HEAP           

        CLASS   STACK          



SEGMENTS        Name                           Load    Length   Top    Selector   Space  Class

                reset_vec                      000000  000004  000004         0       0  CODE    
                cstackCOMRAM                   000001  00007A  00007B         1       1  COMRAM  
                intcode                        000008  00000A  000012         4       0  CODE    
                cstackBANK0                    000080  00007F  0000FF        80       1  BANK0   
                bssBANK1                       000100  000090  000190       100       1  BANK1   
                smallconst                     000600  000034  000634       300       0  SMALLCON
                text1                          000634  0016C8  001CFC       31A       0  CODE    


UNUSED ADDRESS RANGES

        Name                Unused          Largest block    Delta
        BANK0            0000FF-0000FF                1
        BANK1            000190-0001FF               70
        BANK2            000200-0002FF              100
        BANK3            000300-0003FF              100
        BANK4            000400-0004FF              100
        BANK5            000500-0005FF              100
        BIGRAM           00007B-00007F                5
                         0000FF-0000FF                1
                         000190-0005FF              470
        BIGSFR           000F80-000FFF               80
        CODE             000004-000007                4
                         000012-0005FF              5EE
                         001CFC-006FFF             5304
        COMRAM           00007B-00007F                5
        CONST            000004-000007                4
                         000012-0005FF              5EE
                         001CFC-006FFF             5304
        EEDATA           F00000-F000FF              100
        MEDIUMCONST      001CFC-006FFF             5304
        RAM              0000FF-0000FF                1
                         000190-0005FF              100
        SFR              000F80-000FFF               80
        SMALLCONST       001CFC-006FFF              100

                                  Symbol Table

?___lwdiv                     cstackBANK0  000080
?___lwmod                     cstackBANK0  000087
?_sprintf                     cstackBANK0  00008C
?_strlen                      cstackBANK0  000080
?i2___lwdiv                   cstackCOMRAM 000001
?i2___lwmod                   cstackCOMRAM 000008
?i2_sprintf                   cstackCOMRAM 00000D
?i2_strlen                    cstackCOMRAM 000001
EEPROM_Read@address           cstackBANK0  000080
EEPROM_Write@address          cstackBANK0  000080
EEPROM_Write@data             cstackBANK0  000082
LCD_PutChar@c                 cstackBANK0  000082
LCD_PutCmd@c                  cstackBANK0  000082
_ADCON1                       (abs)        000FC1
_EEADR                        (abs)        000FA9
_EECON1bits                   (abs)        000FA6
_EECON2                       (abs)        000FA7
_EEDATA                       (abs)        000FA8
_EEPROM_Read                  text19       001CD2
_EEPROM_Write                 text18       001BD2
_INTCON                       (abs)        000FF2
_INTCON3bits                  (abs)        000FF0
_INTCONbits                   (abs)        000FF2
_LCD_Init                     text12       001678
_LCD_PulseEnable              text16       001CC4
_LCD_PutChar                  text9        001C00
_LCD_PutCmd                   text13       001C4C
_PIR2bits                     (abs)        000FA1
_PORTAbits                    (abs)        000F80
_PORTBbits                    (abs)        000F81
_PORTD                        (abs)        000F83
_PORTDbits                    (abs)        000F83
_T0CON                        (abs)        000FD5
_T0CONbits                    (abs)        000FD5
_TMR0                         (abs)        000FD6
_TRISB                        (abs)        000F93
_TRISD                        (abs)        000F95
__HRAM                        (abs)        000000
__Habs1                       abs1         000000
__Hbank0                      bank0        000000
__Hbank1                      bank1        000000
__Hbank2                      bank2        000000
__Hbank3                      bank3        000000
__Hbank4                      bank4        000000
__Hbank5                      bank5        000000
__Hbigbss                     bigbss       000000
__Hbigdata                    bigdata      000000
__Hbigram                     bigram       000000
__Hbigsfr                     bigsfr       000000
__HbitbssCOMRAM               bitbssCOMRAM 000000
__Hbss                        bss          000000
__HbssBANK1                   bssBANK1     000000
__HbssCOMRAM                  bssCOMRAM    000000
__Hcinit                      cinit        000000
__Hclrtext                    clrtext      000000
__Hcomram                     comram       000000
__Hconfig                     config       30000E
__Hconst                      const        000000
__HcstackBANK0                cstackBANK0  000000
__HcstackCOMRAM               cstackCOMRAM 000000
__Hdata                       data         000000
__HdataBANK0                  dataBANK0    000000
__HdataCOMRAM                 dataCOMRAM   000000
__Heeprom_data                eeprom_data  000000
__Hfarbss                     farbss       000000
__Hfardata                    fardata      000000
__Hheap                       heap         000000
__Hibigdata                   ibigdata     000000
__Hidata                      idata        000000
__HidataBANK0                 idataBANK0   000000
__HidataCOMRAM                idataCOMRAM  000000
__Hidloc                      idloc        200008
__Hifardata                   ifardata     000000
__Hinit                       init         000012
__Hintcode                    intcode      00000E
__Hintcode_body               intcode_body 000000
__Hintcodelo                  intcodelo    00000E
__Hintentry                   intentry     000000
__Hintret                     intret       000000
__Hintsave_regs               intsave_regs 000000
__Hirdata                     irdata       000000
__Hmediumconst                mediumconst  000000
__HnvBANK0                    nvBANK0      000000
__HnvFARRAM                   nvFARRAM     000000
__Hnvbit                      nvbit        000000
__Hnvrram                     nvrram       000000
__Hparam                      rparam       000000
__Hpowerup                    powerup      00000E
__Hram                        ram          000000
__Hramtop                     ramtop       000600
__Hrbit                       rbit         000000
__Hrbss                       rbss         000000
__Hrdata                      rdata        000000
__Hreset_vec                  reset_vec    000004
__Hrparam                     rparam       000000
__Hsfr                        sfr          000000
__Hsmallconst                 smallconst   000634
__Hspace_0                    (abs)        001CFC
__Hspace_1                    (abs)        0003CD
__Hspace_2                    (abs)        000000
__Hspace_4                    (abs)        60000E
__Hstack                      stack        000000
__Hstruct                     struct       000000
__Htemp                       temp         00007B
__Htext                       text         000000
__Htext0                      text0        000000
__Htext1                      text1        000000
__Htext10                     text10       000000
__Htext11                     text11       000000
__Htext12                     text12       000000
__Htext13                     text13       000000
__Htext14                     text14       000000
__Htext15                     text15       000000
__Htext16                     text16       000000
__Htext17                     text17       000000
__Htext18                     text18       000000
__Htext19                     text19       000000
__Htext2                      text2        000000
__Htext21                     text21       000000
__Htext22                     text22       000000
__Htext23                     text23       000000
__Htext24                     text24       000000
__Htext25                     text25       000000
__Htext26                     text26       000000
__Htext27                     text27       000000
__Htext28                     text28       000000
__Htext29                     text29       000000
__Htext3                      text3        000000
__Htext30                     text30       000000
__Htext31                     text31       000000
__Htext32                     text32       000000
__Htext33                     text33       000000
__Htext34                     text34       000000
__Htext4                      text4        000000
__Htext5                      text5        000000
__Htext6                      text6        000000
__Htext7                      text7        000000
__Htext8                      text8        000000
__Htext9                      text9        000000
__LRAM                        (abs)        000001
__Labs1                       abs1         000000
__Lbank0                      bank0        000000
__Lbank1                      bank1        000000
__Lbank2                      bank2        000000
__Lbank3                      bank3        000000
__Lbank4                      bank4        000000
__Lbank5                      bank5        000000
__Lbigbss                     bigbss       000000
__Lbigdata                    bigdata      000000
__Lbigram                     bigram       000000
__Lbigsfr                     bigsfr       000000
__LbitbssCOMRAM               bitbssCOMRAM 000000
__Lbss                        bss          000000
__LbssBANK1                   bssBANK1     000000
__LbssCOMRAM                  bssCOMRAM    000000
__Lcinit                      cinit        000000
__Lclrtext                    clrtext      000000
__Lcomram                     comram       000000
__Lconfig                     config       000000
__Lconst                      const        000000
__LcstackBANK0                cstackBANK0  000000
__LcstackCOMRAM               cstackCOMRAM 000000
__Ldata                       data         000000
__LdataBANK0                  dataBANK0    000000
__LdataCOMRAM                 dataCOMRAM   000000
__Leeprom_data                eeprom_data  000000
__Lfarbss                     farbss       000000
__Lfardata                    fardata      000000
__Lheap                       heap         000000
__Libigdata                   ibigdata     000000
__Lidata                      idata        000000
__LidataBANK0                 idataBANK0   000000
__LidataCOMRAM                idataCOMRAM  000000
__Lidloc                      idloc        000000
__Lifardata                   ifardata     000000
__Linit                       init         00000E
__Lintcode                    intcode      000008
__Lintcode_body               intcode_body 000000
__Lintcodelo                  intcodelo    00000E
__Lintentry                   intentry     000000
__Lintret                     intret       000000
__Lintsave_regs               intsave_regs 000000
__Lirdata                     irdata       000000
__Lmediumconst                mediumconst  000000
__LnvBANK0                    nvBANK0      000000
__LnvFARRAM                   nvFARRAM     000000
__Lnvbit                      nvbit        000000
__Lnvrram                     nvrram       000000
__Lparam                      rparam       000000
__Lpowerup                    powerup      00000E
__Lram                        ram          000000
__Lramtop                     ramtop       000600
__Lrbit                       rbit         000000
__Lrbss                       rbss         000000
__Lrdata                      rdata        000000
__Lreset_vec                  reset_vec    000000
__Lrparam                     rparam       000000
__Lsfr                        sfr          000000
__Lsmallconst                 smallconst   000600
__Lspace_0                    (abs)        000000
__Lspace_1                    (abs)        000000
__Lspace_2                    (abs)        000000
__Lspace_4                    (abs)        000000
__Lstack                      stack        000000
__Lstruct                     struct       000000
__Ltemp                       temp         00007A
__Ltext                       text         000000
__Ltext0                      text0        000000
__Ltext1                      text1        000000
__Ltext10                     text10       000000
__Ltext11                     text11       000000
__Ltext12                     text12       000000
__Ltext13                     text13       000000
__Ltext14                     text14       000000
__Ltext15                     text15       000000
__Ltext16                     text16       000000
__Ltext17                     text17       000000
__Ltext18                     text18       000000
__Ltext19                     text19       000000
__Ltext2                      text2        000000
__Ltext21                     text21       000000
__Ltext22                     text22       000000
__Ltext23                     text23       000000
__Ltext24                     text24       000000
__Ltext25                     text25       000000
__Ltext26                     text26       000000
__Ltext27                     text27       000000
__Ltext28                     text28       000000
__Ltext29                     text29       000000
__Ltext3                      text3        000000
__Ltext30                     text30       000000
__Ltext31                     text31       000000
__Ltext32                     text32       000000
__Ltext33                     text33       000000
__Ltext34                     text34       000000
__Ltext4                      text4        000000
__Ltext5                      text5        000000
__Ltext6                      text6        000000
__Ltext7                      text7        000000
__Ltext8                      text8        000000
__Ltext9                      text9        000000
__S0                          (abs)        001CFC
__S1                          (abs)        000190
__S4                          (abs)        000000
__S5                          (abs)        000000
___heap_hi                    (abs)        000000
___heap_lo                    (abs)        000000
___inthi_sp                   stack        000000
___intlo_sp                   stack        000000
___lwdiv                      text8        00158E
___lwdiv@counter              cstackBANK0  000086
___lwdiv@dividend             cstackBANK0  000080
___lwdiv@divisor              cstackBANK0  000082
___lwdiv@quotient             cstackBANK0  000084
___lwmod                      text7        0017D0
___lwmod@counter              cstackBANK0  00008B
___lwmod@dividend             cstackBANK0  000087
___lwmod@divisor              cstackBANK0  000089
___param_bank                 (abs)        000000
___rparam_used                (abs)        000001
___sp                         stack        000000
__accesstop                   (abs)        000080
__activetblptr                (abs)        000002
__end_of_EEPROM_Read          text19       001CE0
__end_of_EEPROM_Write         text18       001C00
__end_of_LCD_Init             text12       0016EC
__end_of_LCD_PulseEnable      text16       001CD2
__end_of_LCD_PutChar          text9        001C26
__end_of_LCD_PutCmd           text13       001C6E
__end_of___lwdiv              text8        001604
__end_of___lwmod              text7        001836
__end_of__initialization      cinit        0019B8
__end_of_atualiza_tempo       text24       000B1E
__end_of_bipa                 text23       001474
__end_of_delay                text17       00189C
__end_of_dpowers              smallconst   00060B
__end_of_escreve_tela         text3        001506
__end_of_inicia_registradores text11       001CB0
__end_of_interrupcoes         intcode_body 000D58
__end_of_lower                text15       001A7E
__end_of_main                 text0        000F00
__end_of_passa_jogada         text10       001CC4
__end_of_sprintf              text6        0010A6
__end_of_strcat               text2        001678
__end_of_strlen               text4        001B84
__end_of_tela_configura       text5        0013C8
__end_of_tela_placar          text1        0008D0
__end_of_upper                text14       001A22
__end_ofi2_LCD_PulseEnable    text33       001CEE
__end_ofi2_LCD_PutChar        text30       001C4C
__end_ofi2_LCD_PutCmd         text29       001C90
__end_ofi2___lwdiv            text28       001760
__end_ofi2___lwmod            text27       001966
__end_ofi2_delay              text34       001902
__end_ofi2_escreve_tela       text21       00158E
__end_ofi2_lower              text32       001B32
__end_ofi2_sprintf            text26       001246
__end_ofi2_strcat             text25       0017D0
__end_ofi2_strlen             text22       001BD2
__end_ofi2_upper              text31       001AD8
__initialization              cinit        001966
__mediumconst                 mediumconst  000000
__pbitbssCOMRAM               bitbssCOMRAM 0003C8
__pbssBANK1                   bssBANK1     000100
__pbssCOMRAM                  bssCOMRAM    00005C
__pcinit                      cinit        001966
__pcstackBANK0                cstackBANK0  000080
__pcstackCOMRAM               cstackCOMRAM 000001
__pdataBANK0                  dataBANK0    0000FC
__pdataCOMRAM                 dataCOMRAM   00006D
__pidataBANK0                 idataBANK0   001CFA
__pidataCOMRAM                idataCOMRAM  001CEE
__pintcode                    intcode      000008
__pintcode_body               intcode_body 000B1E
__pnvBANK0                    nvBANK0      0000FE
__psmallconst                 smallconst   000600
__ptext0                      text0        000D58
__ptext1                      text1        000634
__ptext10                     text10       001CB0
__ptext11                     text11       001C90
__ptext12                     text12       001678
__ptext13                     text13       001C4C
__ptext14                     text14       0019C6
__ptext15                     text15       001A22
__ptext16                     text16       001CC4
__ptext17                     text17       001836
__ptext18                     text18       001BD2
__ptext19                     text19       001CD2
__ptext2                      text2        001604
__ptext21                     text21       001506
__ptext22                     text22       001B84
__ptext23                     text23       0013C8
__ptext24                     text24       0008D0
__ptext25                     text25       001760
__ptext26                     text26       0010A6
__ptext27                     text27       001902
__ptext28                     text28       0016EC
__ptext29                     text29       001C6E
__ptext3                      text3        001474
__ptext30                     text30       001C26
__ptext31                     text31       001A7E
__ptext32                     text32       001AD8
__ptext33                     text33       001CE0
__ptext34                     text34       00189C
__ptext4                      text4        001B32
__ptext5                      text5        001246
__ptext6                      text6        000F00
__ptext7                      text7        0017D0
__ptext8                      text8        00158E
__ptext9                      text9        001C00
__ramtop                      ramtop       000600
__smallconst                  smallconst   000600
_atualiza_tempo               text24       0008D0
_bipa                         text23       0013C8
_configura                    bitbssCOMRAM 0003C8
_count                        bssCOMRAM    00005C
_delay                        text17       001836
_dpowers                      smallconst   000601
_eeprom_address               dataCOMRAM   000076
_escreve_tela                 text3        001474
_inicia                       bitbssCOMRAM 0003CB
_inicia_registradores         text11       001C90
_interrupcoes                 intcode      000008
_lower                        text15       001A22
_main                         text0        000D58
_mainEventFlag                bssCOMRAM    000060
_mili1                        dataCOMRAM   000078
_mili2                        dataCOMRAM   000077
_min1                         bssCOMRAM    000066
_min2                         bssCOMRAM    000064
_minConfigura                 dataBANK0    0000FC
_passa_jogada                 text10       001CB0
_player                       bitbssCOMRAM 0003CC
_read_char                    nvBANK0      0000FE
_seg1                         bssCOMRAM    00006A
_seg2                         bssCOMRAM    000068
_sprintf                      text6        000F00
_strcat                       text2        001604
_strlen                       text4        001B32
_tela_configura               text5        001246
_tela_placar                  text1        000634
_tipo                         bitbssCOMRAM 0003C9
_upper                        text14       0019C6
_write_char                   bssCOMRAM    00006C
_x                            bitbssCOMRAM 0003CA
atualiza_tempo@F2606          bssBANK1     000180
atualiza_tempo@F2608          bssBANK1     000170
atualiza_tempo@F2610          bssBANK1     000160
atualiza_tempo@aux            cstackCOMRAM 00001C
atualiza_tempo@aux1           cstackCOMRAM 00002C
atualiza_tempo@aux2           cstackCOMRAM 00003C
atualiza_tempo@i              cstackCOMRAM 00004C
btemp                         temp         00007A
end_of_initialization         cinit        0019B8
escreve_tela@i                cstackBANK0  00008A
escreve_tela@linha            cstackBANK0  000086
escreve_tela@mensagem         cstackBANK0  000084
i2LCD_PutChar@c               cstackCOMRAM 000003
i2LCD_PutCmd@c                cstackCOMRAM 000003
i2_LCD_PulseEnable            text33       001CE0
i2_LCD_PutChar                text30       001C26
i2_LCD_PutCmd                 text29       001C6E
i2___lwdiv                    text28       0016EC
i2___lwdiv@counter            cstackCOMRAM 000007
i2___lwdiv@dividend           cstackCOMRAM 000001
i2___lwdiv@divisor            cstackCOMRAM 000003
i2___lwdiv@quotient           cstackCOMRAM 000005
i2___lwmod                    text27       001902
i2___lwmod@counter            cstackCOMRAM 00000C
i2___lwmod@dividend           cstackCOMRAM 000008
i2___lwmod@divisor            cstackCOMRAM 00000A
i2_delay                      text34       00189C
i2_escreve_tela               text21       001506
i2_lower                      text32       001AD8
i2_sprintf                    text26       0010A6
i2_strcat                     text25       001760
i2_strlen                     text22       001B84
i2_upper                      text31       001A7E
i2escreve_tela@i              cstackCOMRAM 00000B
i2escreve_tela@linha          cstackCOMRAM 000007
i2escreve_tela@mensagem       cstackCOMRAM 000005
i2lower@c                     cstackCOMRAM 000001
i2sprintf@ap                  cstackCOMRAM 000014
i2sprintf@c                   cstackCOMRAM 00001A
i2sprintf@f                   cstackCOMRAM 00000F
i2sprintf@flag                cstackCOMRAM 000016
i2sprintf@prec                cstackCOMRAM 000017
i2sprintf@sp                  cstackCOMRAM 00000D
i2sprintf@val                 cstackCOMRAM 000018
i2strcat@cp                   cstackCOMRAM 000005
i2strcat@from                 cstackCOMRAM 000003
i2strcat@to                   cstackCOMRAM 000001
i2strlen@cp                   cstackCOMRAM 000003
i2strlen@s                    cstackCOMRAM 000001
i2upper@c                     cstackCOMRAM 000001
int$flags                     temp         00007A
int_func                      intcode_body 000B1E
intlevel0                     text         000000
intlevel1                     text         000000
intlevel2                     text         000000
intlevel3                     text         000000
isa$std                       (abs)        000001
isa$xinst                     (abs)        000000
lower@c                       cstackBANK0  000080
sprintf@ap                    cstackBANK0  000093
sprintf@c                     cstackBANK0  000099
sprintf@f                     cstackBANK0  00008E
sprintf@flag                  cstackBANK0  000095
sprintf@prec                  cstackBANK0  000096
sprintf@sp                    cstackBANK0  00008C
sprintf@val                   cstackBANK0  000097
stackhi                       (abs)        000000
stacklo                       (abs)        000000
start                         init         00000E
start_initialization          cinit        001966
strcat@cp                     cstackBANK0  000084
strcat@from                   cstackBANK0  000082
strcat@to                     cstackBANK0  000080
strlen@cp                     cstackBANK0  000082
strlen@s                      cstackBANK0  000080
tela_configura@F2614          dataCOMRAM   00006D
tela_configura@aux1           cstackBANK0  0000AA
tela_configura@i              cstackBANK0  0000A4
tela_configura@i_624          cstackBANK0  0000A6
tela_configura@i_625          cstackBANK0  0000A8
tela_configura@mensagem       cstackBANK0  00009B
tela_placar@aux               cstackBANK0  00009A
tela_placar@aux1              cstackBANK0  0000AA
tela_placar@aux2              cstackBANK0  0000BA
tela_placar@aux3              cstackBANK0  0000CA
tela_placar@aux4              cstackBANK0  0000DA
tela_placar@aux5              cstackBANK0  0000EA
ttemp5                        temp         00007B
ttemp6                        temp         00007E
ttemp7                        temp         000082
upper@c                       cstackBANK0  000080
wtemp8                        temp         00007B


MODULE INFORMATION

Module		Function		Class		Link	Load	Size
D:\Program Files\Microchip\xc8\v2.36\pic\sources\c90\common\lwmod.c
		___lwmod       		CODE           	17D0	0000	102

D:\Program Files\Microchip\xc8\v2.36\pic\sources\c90\common\lwmod.c estimated size: 102

D:\Program Files\Microchip\xc8\v2.36\pic\sources\c90\common\strcat.c
		_strcat        		CODE           	1604	0000	116

D:\Program Files\Microchip\xc8\v2.36\pic\sources\c90\common\strcat.c estimated size: 116

xadrez_main.c
		_lower         		CODE           	1A22	0000	92
		_LCD_Init      		CODE           	1678	0000	116
		_delay         		CODE           	1836	0000	102
		_escreve_tela  		CODE           	1474	0000	146
		_LCD_PutCmd    		CODE           	1C4C	0000	34
		_EEPROM_Read   		CODE           	1CD2	0000	14
		_LCD_PutChar   		CODE           	1C00	0000	38
		_LCD_PulseEnable		CODE           	1CC4	0000	14
		_EEPROM_Write  		CODE           	1BD2	0000	46
		_main          		CODE           	0D58	0000	424
		_inicia_registradores		CODE           	1C90	0000	32
		_tela_configura		CODE           	1246	0000	386
		_bipa          		CODE           	13C8	0000	172
		_passa_jogada  		CODE           	1CB0	0000	20
		_interrupcoes  		CODE           	0008	0000	576
		_tela_placar   		CODE           	0634	0000	668
		_upper         		CODE           	19C6	0000	92
		_atualiza_tempo		CODE           	08D0	0000	590

xadrez_main.c estimated size: 3562

D:\Program Files\Microchip\xc8\v2.36\pic\sources\c90\common\strlen.c
		_strlen        		CODE           	1B32	0000	82

D:\Program Files\Microchip\xc8\v2.36\pic\sources\c90\common\strlen.c estimated size: 82

shared
		i2_strcat      		CODE           	1760	0000	112
		i2_LCD_PutCmd  		CODE           	1C6E	0000	34
		_dpowers       		SMALLCONST     	0601	0000	10
		i2___lwdiv     		CODE           	16EC	0000	116
		i2_LCD_PutChar 		CODE           	1C26	0000	38
		i2_LCD_PulseEnable		CODE           	1CE0	0000	14
		i2___lwmod     		CODE           	1902	0000	100
		__initialization		CODE           	1966	0000	82
		i2_lower       		CODE           	1AD8	0000	90
		i2_sprintf     		CODE           	10A6	0000	416
		i2_upper       		CODE           	1A7E	0000	90
		i2_strlen      		CODE           	1B84	0000	78
		i2_delay       		CODE           	189C	0000	102
		i2_escreve_tela		CODE           	1506	0000	136

shared estimated size: 1418

D:\Program Files\Microchip\xc8\v2.36\pic\sources\c90\common\lwdiv.c
		___lwdiv       		CODE           	158E	0000	118

D:\Program Files\Microchip\xc8\v2.36\pic\sources\c90\common\lwdiv.c estimated size: 118

D:\Program Files\Microchip\xc8\v2.36\pic\sources\c90\common\doprnt.c
		_sprintf       		CODE           	0F00	0000	422

D:\Program Files\Microchip\xc8\v2.36\pic\sources\c90\common\doprnt.c estimated size: 422

