Microchip MPLAB XC8 Compiler V2.36

Linker command line:

-W-3 --edf=D:\Program Files\Microchip\xc8\v2.36\pic\dat\en_msgs.txt -cn \
  -h+dist/default/production\TimerXadrez.X.production.sym \
  --cmf=dist/default/production\TimerXadrez.X.production.cmf -z -Q18F4520 \
  -oC:\Users\joaoh\AppData\Local\Temp\xcAs388.4 --defsym=__MPLAB_BUILD=1 \
  -Mdist/default/production/TimerXadrez.X.production.map \
  --md=C:\Users\joaoh\AppData\Local\Temp\xcAs388.dat -E1 -ver=XC8 Compiler \
  --acfsm=1493 -ACODE=00h-06FFFh -ACONST=00h-06FFFh \
  -ASMALLCONST=0600h-06FFhx106 -AMEDIUMCONST=0600h-06FFFh -ACOMRAM=01h-07Fh \
  -AABS1=00h-05FFh -ABIGRAM=01h-05FFh -ARAM=080h-0FFh,0100h-01FFhx5 \
  -ABANK0=080h-0FFh -ABANK1=0100h-01FFh -ABANK2=0200h-02FFh \
  -ABANK3=0300h-03FFh -ABANK4=0400h-04FFh -ABANK5=0500h-05FFh \
  -ASFR=0F80h-0FFFh -ABIGSFR=0F80h-0FFFh -ACONFIG=0300000h-030000Dh \
  -AIDLOC=0200000h-0200007h -AEEDATA=0F00000h-0F000FFh -peeprom_data=EEDATA \
  -preset_vec=00h,intcode=08h,intcodelo,powerup,init -pramtop=0600h \
  -psmallconst=SMALLCONST -pmediumconst=MEDIUMCONST -pconst=CONST \
  -AFARRAM=00h-00h \
  -prdata=COMRAM,nvrram=COMRAM,nvbit=COMRAM,rbss=COMRAM,rbit=COMRAM \
  -pfarbss=FARRAM,fardata=FARRAM,nvFARRAM=FARRAM \
  -pintsave_regs=BIGRAM,bigbss=BIGRAM,bigdata=BIGRAM -pbss=RAM \
  -pidata=CODE,irdata=CODE,ibigdata=CODE,ifardata=CODE -prparam=COMRAM \
  C:\Users\joaoh\AppData\Local\Temp\xcAs388.o \
  dist/default/production\TimerXadrez.X.production.o 

Object code version is 3.11

Machine type is 18F4520



                Name                               Link     Load   Length Selector   Space Scale
C:\Users\joaoh\AppData\Local\Temp\xcAs388.o
                idloc                            200000   200000        8        0       5
                config                           300000   300000        E        0       4
                init                                  E        E        4        4       0
                reset_vec                             0        0        4        0       0
dist/default/production\TimerXadrez.X.production.o
                intcode                               8        8        6        4       0
                idloc                            200000   200000        8        0       5
                config                           300000   300000        E        0       4
                temp                                 7A       7A        1        1       1
                smallconst                          600      600       34      300       0
                text34                             18A2     18A2       66      31A       0
                text33                             1CE6     1CE6        E      31A       0
                text32                             1ADE     1ADE       5A      31A       0
                text31                             1A84     1A84       5A      31A       0
                text30                             1C2C     1C2C       26      31A       0
                text29                             1C74     1C74       22      31A       0
                text28                             16F2     16F2       74      31A       0
                text27                             1908     1908       64      31A       0
                text26                             10AC     10AC      1A0      31A       0
                text25                             1766     1766       70      31A       0
                text24                              8D0      8D0      24E      31A       0
                text23                             13CE     13CE       AC      31A       0
                text22                             1B8A     1B8A       4E      31A       0
                text21                             150C     150C       88      31A       0
                intcode_body                        B1E      B1E      23A      31A       0
                text19                             1CD8     1CD8        E      31A       0
                text18                             1BD8     1BD8       2E      31A       0
                text17                             183C     183C       66      31A       0
                text16                             1CCA     1CCA        E      31A       0
                text15                             1A28     1A28       5C      31A       0
                text14                             19CC     19CC       5C      31A       0
                text13                             1C52     1C52       22      31A       0
                text12                             167E     167E       74      31A       0
                text11                             1C96     1C96       20      31A       0
                text10                             1CB6     1CB6       14      31A       0
                text9                              1C06     1C06       26      31A       0
                text8                              1594     1594       76      31A       0
                text7                              17D6     17D6       66      31A       0
                text6                               F06      F06      1A6      31A       0
                text5                              124C     124C      182      31A       0
                text4                              1B38     1B38       52      31A       0
                text3                              147A     147A       92      31A       0
                text2                              160A     160A       74      31A       0
                text1                               634      634      29C      31A       0
                text0                               D58      D58      1AE      31A       0
                cstackCOMRAM                          1        1       5B        1       1
                cstackBANK0                          80       80       7C       80       1
                bssBANK1                            100      100       90      100       1
                dataBANK0                            FC       FC        2       80       1
                dataCOMRAM                           6D       6D        C        1       1
                bssCOMRAM                            5C       5C       11        1       1
                bitbssCOMRAM                        3C8       79        5        1       1     8
                cinit                              196C     196C       60      31A       0
                nvBANK0                              FE       FE        1       80       1
                idataBANK0                         1D00     1D00        2      31A       0
                idataCOMRAM                        1CF4     1CF4        C      31A       0

TOTAL           Name                               Link     Load   Length     Space
        CLASS   CODE           
                intcode                               8        8        6         0
                init                                  E        E        4         0
                reset_vec                             0        0        4         0
                text34                             18A2     18A2       66         0
                text33                             1CE6     1CE6        E         0
                text32                             1ADE     1ADE       5A         0
                text31                             1A84     1A84       5A         0
                text30                             1C2C     1C2C       26         0
                text29                             1C74     1C74       22         0
                text28                             16F2     16F2       74         0
                text27                             1908     1908       64         0
                text26                             10AC     10AC      1A0         0
                text25                             1766     1766       70         0
                text24                              8D0      8D0      24E         0
                text23                             13CE     13CE       AC         0
                text22                             1B8A     1B8A       4E         0
                text21                             150C     150C       88         0
                intcode_body                        B1E      B1E      23A         0
                text19                             1CD8     1CD8        E         0
                text18                             1BD8     1BD8       2E         0
                text17                             183C     183C       66         0
                text16                             1CCA     1CCA        E         0
                text15                             1A28     1A28       5C         0
                text14                             19CC     19CC       5C         0
                text13                             1C52     1C52       22         0
                text12                             167E     167E       74         0
                text11                             1C96     1C96       20         0
                text10                             1CB6     1CB6       14         0
                text9                              1C06     1C06       26         0
                text8                              1594     1594       76         0
                text7                              17D6     17D6       66         0
                text6                               F06      F06      1A6         0
                text5                              124C     124C      182         0
                text4                              1B38     1B38       52         0
                text3                              147A     147A       92         0
                text2                              160A     160A       74         0
                text1                               634      634      29C         0
                text0                               D58      D58      1AE         0
                cinit                              196C     196C       60         0
                idataBANK0                         1D00     1D00        2         0
                idataCOMRAM                        1CF4     1CF4        C         0

        CLASS   CONST          

        CLASS   SMALLCONST     
                smallconst                          600      600       34         0

        CLASS   MEDIUMCONST    

        CLASS   COMRAM         
                temp                                 7A       7A        1         1
                cstackCOMRAM                          1        1       5B         1
                dataCOMRAM                           6D       6D        C         1
                bssCOMRAM                            5C       5C       11         1
                bitbssCOMRAM                        3C8       79        5         1

        CLASS   ABS1           

        CLASS   BIGRAM         

        CLASS   RAM            

        CLASS   BANK0          
                cstackBANK0                          80       80       7C         1
                dataBANK0                            FC       FC        2         1
                nvBANK0                              FE       FE        1         1

        CLASS   BANK1          
                bssBANK1                            100      100       90         1

        CLASS   BANK2          

        CLASS   BANK3          

        CLASS   BANK4          

        CLASS   BANK5          

        CLASS   SFR            

        CLASS   BIGSFR         

        CLASS   CONFIG         
                config                           300000   300000        E         4

        CLASS   IDLOC          
                idloc                            200000   200000        8         5

        CLASS   EEDATA         

        CLASS   FARRAM         

        CLASS   HEAP           

        CLASS   STACK          



SEGMENTS        Name                           Load    Length   Top    Selector   Space  Class

                reset_vec                      000000  000004  000004         0       0  CODE    
                cstackCOMRAM                   000001  00007A  00007B         1       1  COMRAM  
                intcode                        000008  00000A  000012         4       0  CODE    
                cstackBANK0                    000080  00007F  0000FF        80       1  BANK0   
                bssBANK1                       000100  000090  000190       100       1  BANK1   
                smallconst                     000600  000034  000634       300       0  SMALLCON
                text1                          000634  0016CE  001D02       31A       0  CODE    


UNUSED ADDRESS RANGES

        Name                Unused          Largest block    Delta
        BANK0            0000FF-0000FF                1
        BANK1            000190-0001FF               70
        BANK2            000200-0002FF              100
        BANK3            000300-0003FF              100
        BANK4            000400-0004FF              100
        BANK5            000500-0005FF              100
        BIGRAM           00007B-00007F                5
                         0000FF-0000FF                1
                         000190-0005FF              470
        BIGSFR           000F80-000FFF               80
        CODE             000004-000007                4
                         000012-0005FF              5EE
                         001D02-006FFF             52FE
        COMRAM           00007B-00007F                5
        CONST            000004-000007                4
                         000012-0005FF              5EE
                         001D02-006FFF             52FE
        EEDATA           F00000-F000FF              100
        MEDIUMCONST      001D02-006FFF             52FE
        RAM              0000FF-0000FF                1
                         000190-0005FF              100
        SFR              000F80-000FFF               80
        SMALLCONST       001D02-006FFF              100

                                  Symbol Table

?___lwdiv                     cstackBANK0  000080
?___lwmod                     cstackBANK0  000087
?_sprintf                     cstackBANK0  00008C
?_strlen                      cstackBANK0  000080
?i2___lwdiv                   cstackCOMRAM 000001
?i2___lwmod                   cstackCOMRAM 000008
?i2_sprintf                   cstackCOMRAM 00000D
?i2_strlen                    cstackCOMRAM 000001
EEPROM_Read@address           cstackBANK0  000080
EEPROM_Write@address          cstackBANK0  000080
EEPROM_Write@data             cstackBANK0  000082
LCD_PutChar@c                 cstackBANK0  000082
LCD_PutCmd@c                  cstackBANK0  000082
_ADCON1                       (abs)        000FC1
_EEADR                        (abs)        000FA9
_EECON1bits                   (abs)        000FA6
_EECON2                       (abs)        000FA7
_EEDATA                       (abs)        000FA8
_EEPROM_Read                  text19       001CD8
_EEPROM_Write                 text18       001BD8
_INTCON                       (abs)        000FF2
_INTCON3bits                  (abs)        000FF0
_INTCONbits                   (abs)        000FF2
_LCD_Init                     text12       00167E
_LCD_PulseEnable              text16       001CCA
_LCD_PutChar                  text9        001C06
_LCD_PutCmd                   text13       001C52
_PIR2bits                     (abs)        000FA1
_PORTAbits                    (abs)        000F80
_PORTBbits                    (abs)        000F81
_PORTD                        (abs)        000F83
_PORTDbits                    (abs)        000F83
_T0CON                        (abs)        000FD5
_T0CONbits                    (abs)        000FD5
_TMR0                         (abs)        000FD6
_TRISB                        (abs)        000F93
_TRISD                        (abs)        000F95
__HRAM                        (abs)        000000
__Habs1                       abs1         000000
__Hbank0                      bank0        000000
__Hbank1                      bank1        000000
__Hbank2                      bank2        000000
__Hbank3                      bank3        000000
__Hbank4                      bank4        000000
__Hbank5                      bank5        000000
__Hbigbss                     bigbss       000000
__Hbigdata                    bigdata      000000
__Hbigram                     bigram       000000
__Hbigsfr                     bigsfr       000000
__HbitbssCOMRAM               bitbssCOMRAM 000000
__Hbss                        bss          000000
__HbssBANK1                   bssBANK1     000000
__HbssCOMRAM                  bssCOMRAM    000000
__Hcinit                      cinit        000000
__Hclrtext                    clrtext      000000
__Hcomram                     comram       000000
__Hconfig                     config       30000E
__Hconst                      const        000000
__HcstackBANK0                cstackBANK0  000000
__HcstackCOMRAM               cstackCOMRAM 000000
__Hdata                       data         000000
__HdataBANK0                  dataBANK0    000000
__HdataCOMRAM                 dataCOMRAM   000000
__Heeprom_data                eeprom_data  000000
__Hfarbss                     farbss       000000
__Hfardata                    fardata      000000
__Hheap                       heap         000000
__Hibigdata                   ibigdata     000000
__Hidata                      idata        000000
__HidataBANK0                 idataBANK0   000000
__HidataCOMRAM                idataCOMRAM  000000
__Hidloc                      idloc        200008
__Hifardata                   ifardata     000000
__Hinit                       init         000012
__Hintcode                    intcode      00000E
__Hintcode_body               intcode_body 000000
__Hintcodelo                  intcodelo    00000E
__Hintentry                   intentry     000000
__Hintret                     intret       000000
__Hintsave_regs               intsave_regs 000000
__Hirdata                     irdata       000000
__Hmediumconst                mediumconst  000000
__HnvBANK0                    nvBANK0      000000
__HnvFARRAM                   nvFARRAM     000000
__Hnvbit                      nvbit        000000
__Hnvrram                     nvrram       000000
__Hparam                      rparam       000000
__Hpowerup                    powerup      00000E
__Hram                        ram          000000
__Hramtop                     ramtop       000600
__Hrbit                       rbit         000000
__Hrbss                       rbss         000000
__Hrdata                      rdata        000000
__Hreset_vec                  reset_vec    000004
__Hrparam                     rparam       000000
__Hsfr                        sfr          000000
__Hsmallconst                 smallconst   000634
__Hspace_0                    (abs)        001D02
__Hspace_1                    (abs)        0003CD
__Hspace_2                    (abs)        000000
__Hspace_4                    (abs)        60000E
__Hstack                      stack        000000
__Hstruct                     struct       000000
__Htemp                       temp         00007B
__Htext                       text         000000
__Htext0                      text0        000000
__Htext1                      text1        000000
__Htext10                     text10       000000
__Htext11                     text11       000000
__Htext12                     text12       000000
__Htext13                     text13       000000
__Htext14                     text14       000000
__Htext15                     text15       000000
__Htext16                     text16       000000
__Htext17                     text17       000000
__Htext18                     text18       000000
__Htext19                     text19       000000
__Htext2                      text2        000000
__Htext21                     text21       000000
__Htext22                     text22       000000
__Htext23                     text23       000000
__Htext24                     text24       000000
__Htext25                     text25       000000
__Htext26                     text26       000000
__Htext27                     text27       000000
__Htext28                     text28       000000
__Htext29                     text29       000000
__Htext3                      text3        000000
__Htext30                     text30       000000
__Htext31                     text31       000000
__Htext32                     text32       000000
__Htext33                     text33       000000
__Htext34                     text34       000000
__Htext4                      text4        000000
__Htext5                      text5        000000
__Htext6                      text6        000000
__Htext7                      text7        000000
__Htext8                      text8        000000
__Htext9                      text9        000000
__LRAM                        (abs)        000001
__Labs1                       abs1         000000
__Lbank0                      bank0        000000
__Lbank1                      bank1        000000
__Lbank2                      bank2        000000
__Lbank3                      bank3        000000
__Lbank4                      bank4        000000
__Lbank5                      bank5        000000
__Lbigbss                     bigbss       000000
__Lbigdata                    bigdata      000000
__Lbigram                     bigram       000000
__Lbigsfr                     bigsfr       000000
__LbitbssCOMRAM               bitbssCOMRAM 000000
__Lbss                        bss          000000
__LbssBANK1                   bssBANK1     000000
__LbssCOMRAM                  bssCOMRAM    000000
__Lcinit                      cinit        000000
__Lclrtext                    clrtext      000000
__Lcomram                     comram       000000
__Lconfig                     config       000000
__Lconst                      const        000000
__LcstackBANK0                cstackBANK0  000000
__LcstackCOMRAM               cstackCOMRAM 000000
__Ldata                       data         000000
__LdataBANK0                  dataBANK0    000000
__LdataCOMRAM                 dataCOMRAM   000000
__Leeprom_data                eeprom_data  000000
__Lfarbss                     farbss       000000
__Lfardata                    fardata      000000
__Lheap                       heap         000000
__Libigdata                   ibigdata     000000
__Lidata                      idata        000000
__LidataBANK0                 idataBANK0   000000
__LidataCOMRAM                idataCOMRAM  000000
__Lidloc                      idloc        000000
__Lifardata                   ifardata     000000
__Linit                       init         00000E
__Lintcode                    intcode      000008
__Lintcode_body               intcode_body 000000
__Lintcodelo                  intcodelo    00000E
__Lintentry                   intentry     000000
__Lintret                     intret       000000
__Lintsave_regs               intsave_regs 000000
__Lirdata                     irdata       000000
__Lmediumconst                mediumconst  000000
__LnvBANK0                    nvBANK0      000000
__LnvFARRAM                   nvFARRAM     000000
__Lnvbit                      nvbit        000000
__Lnvrram                     nvrram       000000
__Lparam                      rparam       000000
__Lpowerup                    powerup      00000E
__Lram                        ram          000000
__Lramtop                     ramtop       000600
__Lrbit                       rbit         000000
__Lrbss                       rbss         000000
__Lrdata                      rdata        000000
__Lreset_vec                  reset_vec    000000
__Lrparam                     rparam       000000
__Lsfr                        sfr          000000
__Lsmallconst                 smallconst   000600
__Lspace_0                    (abs)        000000
__Lspace_1                    (abs)        000000
__Lspace_2                    (abs)        000000
__Lspace_4                    (abs)        000000
__Lstack                      stack        000000
__Lstruct                     struct       000000
__Ltemp                       temp         00007A
__Ltext                       text         000000
__Ltext0                      text0        000000
__Ltext1                      text1        000000
__Ltext10                     text10       000000
__Ltext11                     text11       000000
__Ltext12                     text12       000000
__Ltext13                     text13       000000
__Ltext14                     text14       000000
__Ltext15                     text15       000000
__Ltext16                     text16       000000
__Ltext17                     text17       000000
__Ltext18                     text18       000000
__Ltext19                     text19       000000
__Ltext2                      text2        000000
__Ltext21                     text21       000000
__Ltext22                     text22       000000
__Ltext23                     text23       000000
__Ltext24                     text24       000000
__Ltext25                     text25       000000
__Ltext26                     text26       000000
__Ltext27                     text27       000000
__Ltext28                     text28       000000
__Ltext29                     text29       000000
__Ltext3                      text3        000000
__Ltext30                     text30       000000
__Ltext31                     text31       000000
__Ltext32                     text32       000000
__Ltext33                     text33       000000
__Ltext34                     text34       000000
__Ltext4                      text4        000000
__Ltext5                      text5        000000
__Ltext6                      text6        000000
__Ltext7                      text7        000000
__Ltext8                      text8        000000
__Ltext9                      text9        000000
__S0                          (abs)        001D02
__S1                          (abs)        000190
__S4                          (abs)        000000
__S5                          (abs)        000000
___heap_hi                    (abs)        000000
___heap_lo                    (abs)        000000
___inthi_sp                   stack        000000
___intlo_sp                   stack        000000
___lwdiv                      text8        001594
___lwdiv@counter              cstackBANK0  000086
___lwdiv@dividend             cstackBANK0  000080
___lwdiv@divisor              cstackBANK0  000082
___lwdiv@quotient             cstackBANK0  000084
___lwmod                      text7        0017D6
___lwmod@counter              cstackBANK0  00008B
___lwmod@dividend             cstackBANK0  000087
___lwmod@divisor              cstackBANK0  000089
___param_bank                 (abs)        000000
___rparam_used                (abs)        000001
___sp                         stack        000000
__accesstop                   (abs)        000080
__activetblptr                (abs)        000002
__end_of_EEPROM_Read          text19       001CE6
__end_of_EEPROM_Write         text18       001C06
__end_of_LCD_Init             text12       0016F2
__end_of_LCD_PulseEnable      text16       001CD8
__end_of_LCD_PutChar          text9        001C2C
__end_of_LCD_PutCmd           text13       001C74
__end_of___lwdiv              text8        00160A
__end_of___lwmod              text7        00183C
__end_of__initialization      cinit        0019BE
__end_of_atualiza_tempo       text24       000B1E
__end_of_bipa                 text23       00147A
__end_of_delay                text17       0018A2
__end_of_dpowers              smallconst   00060B
__end_of_escreve_tela         text3        00150C
__end_of_inicia_registradores text11       001CB6
__end_of_interrupcoes         intcode_body 000D58
__end_of_lower                text15       001A84
__end_of_main                 text0        000F06
__end_of_passa_jogada         text10       001CCA
__end_of_sprintf              text6        0010AC
__end_of_strcat               text2        00167E
__end_of_strlen               text4        001B8A
__end_of_tela_configura       text5        0013CE
__end_of_tela_placar          text1        0008D0
__end_of_upper                text14       001A28
__end_ofi2_LCD_PulseEnable    text33       001CF4
__end_ofi2_LCD_PutChar        text30       001C52
__end_ofi2_LCD_PutCmd         text29       001C96
__end_ofi2___lwdiv            text28       001766
__end_ofi2___lwmod            text27       00196C
__end_ofi2_delay              text34       001908
__end_ofi2_escreve_tela       text21       001594
__end_ofi2_lower              text32       001B38
__end_ofi2_sprintf            text26       00124C
__end_ofi2_strcat             text25       0017D6
__end_ofi2_strlen             text22       001BD8
__end_ofi2_upper              text31       001ADE
__initialization              cinit        00196C
__mediumconst                 mediumconst  000000
__pbitbssCOMRAM               bitbssCOMRAM 0003C8
__pbssBANK1                   bssBANK1     000100
__pbssCOMRAM                  bssCOMRAM    00005C
__pcinit                      cinit        00196C
__pcstackBANK0                cstackBANK0  000080
__pcstackCOMRAM               cstackCOMRAM 000001
__pdataBANK0                  dataBANK0    0000FC
__pdataCOMRAM                 dataCOMRAM   00006D
__pidataBANK0                 idataBANK0   001D00
__pidataCOMRAM                idataCOMRAM  001CF4
__pintcode                    intcode      000008
__pintcode_body               intcode_body 000B1E
__pnvBANK0                    nvBANK0      0000FE
__psmallconst                 smallconst   000600
__ptext0                      text0        000D58
__ptext1                      text1        000634
__ptext10                     text10       001CB6
__ptext11                     text11       001C96
__ptext12                     text12       00167E
__ptext13                     text13       001C52
__ptext14                     text14       0019CC
__ptext15                     text15       001A28
__ptext16                     text16       001CCA
__ptext17                     text17       00183C
__ptext18                     text18       001BD8
__ptext19                     text19       001CD8
__ptext2                      text2        00160A
__ptext21                     text21       00150C
__ptext22                     text22       001B8A
__ptext23                     text23       0013CE
__ptext24                     text24       0008D0
__ptext25                     text25       001766
__ptext26                     text26       0010AC
__ptext27                     text27       001908
__ptext28                     text28       0016F2
__ptext29                     text29       001C74
__ptext3                      text3        00147A
__ptext30                     text30       001C2C
__ptext31                     text31       001A84
__ptext32                     text32       001ADE
__ptext33                     text33       001CE6
__ptext34                     text34       0018A2
__ptext4                      text4        001B38
__ptext5                      text5        00124C
__ptext6                      text6        000F06
__ptext7                      text7        0017D6
__ptext8                      text8        001594
__ptext9                      text9        001C06
__ramtop                      ramtop       000600
__smallconst                  smallconst   000600
_atualiza_tempo               text24       0008D0
_bipa                         text23       0013CE
_configura                    bitbssCOMRAM 0003C8
_count                        bssCOMRAM    00005C
_delay                        text17       00183C
_dpowers                      smallconst   000601
_eeprom_address               dataCOMRAM   000076
_escreve_tela                 text3        00147A
_inicia                       bitbssCOMRAM 0003CB
_inicia_registradores         text11       001C96
_interrupcoes                 intcode      000008
_lower                        text15       001A28
_main                         text0        000D58
_mainEventFlag                bssCOMRAM    000060
_mili1                        dataCOMRAM   000078
_mili2                        dataCOMRAM   000077
_min1                         bssCOMRAM    000066
_min2                         bssCOMRAM    000064
_minConfigura                 dataBANK0    0000FC
_passa_jogada                 text10       001CB6
_player                       bitbssCOMRAM 0003CC
_read_char                    nvBANK0      0000FE
_seg1                         bssCOMRAM    00006A
_seg2                         bssCOMRAM    000068
_sprintf                      text6        000F06
_strcat                       text2        00160A
_strlen                       text4        001B38
_tela_configura               text5        00124C
_tela_placar                  text1        000634
_tipo                         bitbssCOMRAM 0003C9
_upper                        text14       0019CC
_write_char                   bssCOMRAM    00006C
_x                            bitbssCOMRAM 0003CA
atualiza_tempo@F2606          bssBANK1     000180
atualiza_tempo@F2608          bssBANK1     000170
atualiza_tempo@F2610          bssBANK1     000160
atualiza_tempo@aux            cstackCOMRAM 00001C
atualiza_tempo@aux1           cstackCOMRAM 00002C
atualiza_tempo@aux2           cstackCOMRAM 00003C
atualiza_tempo@i              cstackCOMRAM 00004C
btemp                         temp         00007A
end_of_initialization         cinit        0019BE
escreve_tela@i                cstackBANK0  00008A
escreve_tela@linha            cstackBANK0  000086
escreve_tela@mensagem         cstackBANK0  000084
i2LCD_PutChar@c               cstackCOMRAM 000003
i2LCD_PutCmd@c                cstackCOMRAM 000003
i2_LCD_PulseEnable            text33       001CE6
i2_LCD_PutChar                text30       001C2C
i2_LCD_PutCmd                 text29       001C74
i2___lwdiv                    text28       0016F2
i2___lwdiv@counter            cstackCOMRAM 000007
i2___lwdiv@dividend           cstackCOMRAM 000001
i2___lwdiv@divisor            cstackCOMRAM 000003
i2___lwdiv@quotient           cstackCOMRAM 000005
i2___lwmod                    text27       001908
i2___lwmod@counter            cstackCOMRAM 00000C
i2___lwmod@dividend           cstackCOMRAM 000008
i2___lwmod@divisor            cstackCOMRAM 00000A
i2_delay                      text34       0018A2
i2_escreve_tela               text21       00150C
i2_lower                      text32       001ADE
i2_sprintf                    text26       0010AC
i2_strcat                     text25       001766
i2_strlen                     text22       001B8A
i2_upper                      text31       001A84
i2escreve_tela@i              cstackCOMRAM 00000B
i2escreve_tela@linha          cstackCOMRAM 000007
i2escreve_tela@mensagem       cstackCOMRAM 000005
i2lower@c                     cstackCOMRAM 000001
i2sprintf@ap                  cstackCOMRAM 000014
i2sprintf@c                   cstackCOMRAM 00001A
i2sprintf@f                   cstackCOMRAM 00000F
i2sprintf@flag                cstackCOMRAM 000016
i2sprintf@prec                cstackCOMRAM 000017
i2sprintf@sp                  cstackCOMRAM 00000D
i2sprintf@val                 cstackCOMRAM 000018
i2strcat@cp                   cstackCOMRAM 000005
i2strcat@from                 cstackCOMRAM 000003
i2strcat@to                   cstackCOMRAM 000001
i2strlen@cp                   cstackCOMRAM 000003
i2strlen@s                    cstackCOMRAM 000001
i2upper@c                     cstackCOMRAM 000001
int$flags                     temp         00007A
int_func                      intcode_body 000B1E
intlevel0                     text         000000
intlevel1                     text         000000
intlevel2                     text         000000
intlevel3                     text         000000
isa$std                       (abs)        000001
isa$xinst                     (abs)        000000
lower@c                       cstackBANK0  000080
sprintf@ap                    cstackBANK0  000093
sprintf@c                     cstackBANK0  000099
sprintf@f                     cstackBANK0  00008E
sprintf@flag                  cstackBANK0  000095
sprintf@prec                  cstackBANK0  000096
sprintf@sp                    cstackBANK0  00008C
sprintf@val                   cstackBANK0  000097
stackhi                       (abs)        000000
stacklo                       (abs)        000000
start                         init         00000E
start_initialization          cinit        00196C
strcat@cp                     cstackBANK0  000084
strcat@from                   cstackBANK0  000082
strcat@to                     cstackBANK0  000080
strlen@cp                     cstackBANK0  000082
strlen@s                      cstackBANK0  000080
tela_configura@F2614          dataCOMRAM   00006D
tela_configura@aux1           cstackBANK0  0000AA
tela_configura@i              cstackBANK0  0000A4
tela_configura@i_624          cstackBANK0  0000A6
tela_configura@i_625          cstackBANK0  0000A8
tela_configura@mensagem       cstackBANK0  00009B
tela_placar@aux               cstackBANK0  00009A
tela_placar@aux1              cstackBANK0  0000AA
tela_placar@aux2              cstackBANK0  0000BA
tela_placar@aux3              cstackBANK0  0000CA
tela_placar@aux4              cstackBANK0  0000DA
tela_placar@aux5              cstackBANK0  0000EA
ttemp5                        temp         00007B
ttemp6                        temp         00007E
ttemp7                        temp         000082
upper@c                       cstackBANK0  000080
wtemp8                        temp         00007B


MODULE INFORMATION

Module		Function		Class		Link	Load	Size
D:\Program Files\Microchip\xc8\v2.36\pic\sources\c90\common\lwmod.c
		___lwmod       		CODE           	17D6	0000	102

D:\Program Files\Microchip\xc8\v2.36\pic\sources\c90\common\lwmod.c estimated size: 102

D:\Program Files\Microchip\xc8\v2.36\pic\sources\c90\common\strcat.c
		_strcat        		CODE           	160A	0000	116

D:\Program Files\Microchip\xc8\v2.36\pic\sources\c90\common\strcat.c estimated size: 116

xadrez_main.c
		_lower         		CODE           	1A28	0000	92
		_LCD_Init      		CODE           	167E	0000	116
		_delay         		CODE           	183C	0000	102
		_escreve_tela  		CODE           	147A	0000	146
		_LCD_PutCmd    		CODE           	1C52	0000	34
		_EEPROM_Read   		CODE           	1CD8	0000	14
		_LCD_PutChar   		CODE           	1C06	0000	38
		_LCD_PulseEnable		CODE           	1CCA	0000	14
		_EEPROM_Write  		CODE           	1BD8	0000	46
		_main          		CODE           	0D58	0000	430
		_inicia_registradores		CODE           	1C96	0000	32
		_tela_configura		CODE           	124C	0000	386
		_bipa          		CODE           	13CE	0000	172
		_passa_jogada  		CODE           	1CB6	0000	20
		_interrupcoes  		CODE           	0008	0000	576
		_tela_placar   		CODE           	0634	0000	668
		_upper         		CODE           	19CC	0000	92
		_atualiza_tempo		CODE           	08D0	0000	590

xadrez_main.c estimated size: 3568

D:\Program Files\Microchip\xc8\v2.36\pic\sources\c90\common\strlen.c
		_strlen        		CODE           	1B38	0000	82

D:\Program Files\Microchip\xc8\v2.36\pic\sources\c90\common\strlen.c estimated size: 82

shared
		i2_strcat      		CODE           	1766	0000	112
		i2_LCD_PutCmd  		CODE           	1C74	0000	34
		_dpowers       		SMALLCONST     	0601	0000	10
		i2___lwdiv     		CODE           	16F2	0000	116
		i2_LCD_PutChar 		CODE           	1C2C	0000	38
		i2_LCD_PulseEnable		CODE           	1CE6	0000	14
		i2___lwmod     		CODE           	1908	0000	100
		__initialization		CODE           	196C	0000	82
		i2_lower       		CODE           	1ADE	0000	90
		i2_sprintf     		CODE           	10AC	0000	416
		i2_upper       		CODE           	1A84	0000	90
		i2_strlen      		CODE           	1B8A	0000	78
		i2_delay       		CODE           	18A2	0000	102
		i2_escreve_tela		CODE           	150C	0000	136

shared estimated size: 1418

D:\Program Files\Microchip\xc8\v2.36\pic\sources\c90\common\lwdiv.c
		___lwdiv       		CODE           	1594	0000	118

D:\Program Files\Microchip\xc8\v2.36\pic\sources\c90\common\lwdiv.c estimated size: 118

D:\Program Files\Microchip\xc8\v2.36\pic\sources\c90\common\doprnt.c
		_sprintf       		CODE           	0F06	0000	422

D:\Program Files\Microchip\xc8\v2.36\pic\sources\c90\common\doprnt.c estimated size: 422

